(BlogProgram:
  (args:
    (Evidence:
      :left
        (FuncApp:
          :func Color
          (args:
            (OpExpr:
              :op 16
              :left
                (VarRef: b )
              :right
                (IntLiteral: 0 )
            )
          )
        )
      :right
        (VarRef: Red )
    )
  )
)
