(BlogProgram:
  (args:
    (TypDecl: City )
    (TypDecl: PrepLevel )
    (TypDecl: DamageLevel )
    (FuncDecl:
      :kind random
      :type City
      :func First
      expr:
        (DistrExpr:
          :distr UniformChoice
          (args:
            (CondSet:
              :var
                (VarDecl: (: City c ) )
            )
          )
        )
    )
    (FuncDecl:
      :kind random
      :type City
      :func NotFirst
      expr:
        (DistrExpr:
          :distr UniformChoice
          (args:
            (CondSet:
              :var
                (VarDecl: (: City c ) )
              :cond
                (OpExpr:
                  :op 7
                  :left
                    (VarRef: c )
                  :right
                    (VarRef: First )
                )
            )
          )
        )
    )
    (FuncDecl:
      :kind random
      :type PrepLevel
      :func Prep
      (args:
        (VarDecl: (: City c ) )
      )
      expr:
        (IfExpr:
          :cond
            (OpExpr:
              :op 6
              :left
                (VarRef: First )
              :right
                (VarRef: c )
            )
          :then
            (DistrExpr:
              :distr Categorical
              (args:
                (MapExpr:
                  :from#0
                    (VarRef: High )
                  :to#0
                    (DoubleLiteral: 0.500000 )
                  :from#1
                    (VarRef: Low )
                  :to#1
                    (DoubleLiteral: 0.500000 )
                )
              )
            )
          :else
            (DistrExpr:
              :distr TabularCPD
              (args:
                (MapExpr:
                  :from#0
                    (VarRef: Severe )
                  :to#0
                    (DistrExpr:
                      :distr Categorical
                      (args:
                        (MapExpr:
                          :from#0
                            (VarRef: High )
                          :to#0
                            (DoubleLiteral: 0.900000 )
                          :from#1
                            (VarRef: Low )
                          :to#1
                            (DoubleLiteral: 0.100000 )
                        )
                      )
                    )
                  :from#1
                    (VarRef: Mild )
                  :to#1
                    (DistrExpr:
                      :distr Categorical
                      (args:
                        (MapExpr:
                          :from#0
                            (VarRef: High )
                          :to#0
                            (DoubleLiteral: 0.100000 )
                          :from#1
                            (VarRef: Low )
                          :to#1
                            (DoubleLiteral: 0.900000 )
                        )
                      )
                    )
                )
                (FuncApp:
                  :func Damage
                  (args:
                    (VarRef: First )
                  )
                )
              )
            )
        )
    )
    (FuncDecl:
      :kind random
      :type DamageLevel
      :func Damage
      (args:
        (VarDecl: (: City c ) )
      )
      expr:
        (DistrExpr:
          :distr TabularCPD
          (args:
            (MapExpr:
              :from#0
                (VarRef: High )
              :to#0
                (DistrExpr:
                  :distr Categorical
                  (args:
                    (MapExpr:
                      :from#0
                        (VarRef: Severe )
                      :to#0
                        (DoubleLiteral: 0.200000 )
                      :from#1
                        (VarRef: Mild )
                      :to#1
                        (DoubleLiteral: 0.800000 )
                    )
                  )
                )
              :from#1
                (VarRef: Low )
              :to#1
                (DistrExpr:
                  :distr Categorical
                  (args:
                    (MapExpr:
                      :from#0
                        (VarRef: Severe )
                      :to#0
                        (DoubleLiteral: 0.800000 )
                      :from#1
                        (VarRef: Mild )
                      :to#1
                        (DoubleLiteral: 0.200000 )
                    )
                  )
                )
            )
            (FuncApp:
              :func Prep
              (args:
                (VarRef: c )
              )
            )
          )
        )
    )
    (DistinctDecl:
      :type City
      :var (:        (: A 1 )        (: B 1 )      ) )
    )
    (DistinctDecl:
      :type PrepLevel
      :var (:        (: Low 1 )        (: High 1 )      ) )
    )
    (DistinctDecl:
      :type DamageLevel
      :var (:        (: Severe 1 )        (: Mild 1 )      ) )
    )
    (Evidence:
      :left
        (FuncApp:
          :func Damage
          (args:
            (VarRef: First )
          )
        )
      :right
        (VarRef: Severe )
    )
    (Query:
      :expr
        (VarRef: First )
    )
    (Query:
      :expr
        (FuncApp:
          :func Damage
          (args:
            (VarRef: A )
          )
        )
    )
    (Query:
      :expr
        (FuncApp:
          :func Damage
          (args:
            (VarRef: B )
          )
        )
    )
    (Query:
      :expr
        (FuncApp:
          :func Damage
          (args:
            (VarRef: NotFirst )
          )
        )
    )
  )
)
