(BlogProgram:
  (args:
    (FuncDecl:
      :kind random
      :type PrepLevel
      :func Prep
      (args:
        (VarDecl: (: City c ) )
      )
      expr:
        (IfExpr:
          :cond
            (OpExpr:
              :op 6
              :left
                (VarRef: First )
              :right
                (VarRef: c )
            )
          :then
            (DistrExpr:
              :distr Categorical
              (args:
                (MapExpr:
                  :from#0
                    (VarRef: High )
                  :to#0
                    (DoubleLiteral: 0.500000 )
                  :from#1
                    (VarRef: Low )
                  :to#1
                    (DoubleLiteral: 0.500000 )
                )
              )
            )
          :else
            (DistrExpr:
              :distr Categorical
              (args:
                (MapExpr:
                  :from#0
                    (VarRef: High )
                  :to#0
                    (DoubleLiteral: 0.800000 )
                  :from#1
                    (VarRef: Low )
                  :to#1
                    (DoubleLiteral: 0.200000 )
                )
              )
            )
        )
    )
  )
)
